Solver command line: ['d:\\anaconda\\envs\\dhnx_env\\Library\\bin\\cbc.exe', '-ratio', '0.0', '-seconds', '120.0', '-timeMode', 'elapsed', '-logLevel', '1', '-printingOptions', 'all', '-import', 'C:\\Users\\Minerva\\AppData\\Local\\Temp\\tmptwm_ccr8.pyomo.lp', '-stat=1', '-solve', '-solu', 'C:\\Users\\Minerva\\AppData\\Local\\Temp\\tmptwm_ccr8.pyomo.soln']

Welcome to the CBC MILP Solver 
Version: 2.10.13 
Build Date: May 12 2026 

command line - d:\anaconda\envs\dhnx_env\Library\bin\cbc.exe -ratio 0.0 -seconds 120.0 -timeMode elapsed -logLevel 1 -printingOptions all -import C:\Users\Minerva\AppData\Local\Temp\tmptwm_ccr8.pyomo.lp -stat=1 -solve -solu C:\Users\Minerva\AppData\Local\Temp\tmptwm_ccr8.pyomo.soln (default strategy 1)
ratioGap was changed from 0 to 0
seconds was changed from 1e+100 to 120
Option for timeMode changed from cpu to elapsed
Option for printingOptions changed from normal to all
Presolve 558 (-524) rows, 169 (-452) columns and 1742 (-992) elements
Statistics for presolved model
Original problem has 36 integers (36 of which binary)
Presolved problem has 36 integers (36 of which binary)
==== 132 zero objective 12 different
==== absolute objective values 12 different
==== for integers 0 zero objective 10 different
5 variables have objective of 159.701
5 variables have objective of 183.12
4 variables have objective of 798.506
4 variables have objective of 915.599
4 variables have objective of 1597.01
4 variables have objective of 1785.51
4 variables have objective of 1831.2
4 variables have objective of 2047.34
1 variables have objective of 3194.03
1 variables have objective of 3662.4
==== for integers absolute objective values 10 different
5 variables have objective of 159.701
5 variables have objective of 183.12
4 variables have objective of 798.506
4 variables have objective of 915.599
4 variables have objective of 1597.01
4 variables have objective of 1785.51
4 variables have objective of 1831.2
4 variables have objective of 2047.34
1 variables have objective of 3194.03
1 variables have objective of 3662.4
===== end objective counts


Problem has 558 rows, 169 columns (37 with objective) and 1742 elements
Column breakdown:
0 of type 0.0->inf, 28 of type 0.0->up, 1 of type lo->inf, 
0 of type lo->up, 104 of type free, 0 of type fixed, 
0 of type -inf->0.0, 0 of type -inf->up, 36 of type 0.0->1.0 
Row breakdown:
16 of type E 0.0, 0 of type E 1.0, 0 of type E -1.0, 
20 of type E other, 0 of type G 0.0, 2 of type G 1.0, 
0 of type G other, 456 of type L 0.0, 18 of type L 1.0, 
46 of type L other, 0 of type Range 0.0->1.0, 0 of type Range other, 
0 of type Free 
Continuous objective value is 85031.4 - 0.00 seconds
Cgl0003I 0 fixed, 0 tightened bounds, 220 strengthened rows, 1 substitutions
Cgl0003I 0 fixed, 0 tightened bounds, 28 strengthened rows, 0 substitutions
Cgl0003I 0 fixed, 0 tightened bounds, 2 strengthened rows, 0 substitutions
Cgl0004I processed model has 335 rows, 136 columns (28 integer (27 of which binary)) and 1122 elements
Cbc0038I Initial state - 10 integers unsatisfied sum - 2.33262
Cbc0038I Pass   1: suminf.    1.32504 (4) obj. 87376.6 iterations 20
Cbc0038I Pass   2: suminf.    0.48028 (1) obj. 90232.4 iterations 36
Cbc0038I Pass   3: suminf.    0.38269 (1) obj. 90232.4 iterations 8
Cbc0038I Pass   4: suminf.    0.14880 (3) obj. 90232.4 iterations 8
Cbc0038I Pass   5: suminf.    0.08135 (1) obj. 90232.4 iterations 8
Cbc0038I Pass   6: suminf.    0.12713 (1) obj. 90232.4 iterations 5
Cbc0038I Pass   7: suminf.    1.25878 (7) obj. 90232.4 iterations 15
Cbc0038I Pass   8: suminf.    0.55689 (2) obj. 90232.4 iterations 12
Cbc0038I Pass   9: suminf.    3.17174 (8) obj. 90232.4 iterations 15
Cbc0038I Pass  10: suminf.    0.98735 (5) obj. 89724.5 iterations 22
Cbc0038I Pass  11: suminf.    0.55395 (4) obj. 90157.7 iterations 4
Cbc0038I Pass  12: suminf.    0.42619 (2) obj. 90232.4 iterations 10
Cbc0038I Pass  13: suminf.    0.42619 (2) obj. 90232.4 iterations 0
Cbc0038I Pass  14: suminf.    0.73455 (2) obj. 90232.4 iterations 9
Cbc0038I Pass  15: suminf.    0.46415 (2) obj. 90232.4 iterations 4
Cbc0038I Pass  16: suminf.    0.57724 (2) obj. 90232.4 iterations 13
Cbc0038I Pass  17: suminf.    0.40045 (1) obj. 90232.4 iterations 2
Cbc0038I Pass  18: suminf.    0.23393 (1) obj. 90232.4 iterations 6
Cbc0038I Pass  19: suminf.    0.05871 (1) obj. 90232.4 iterations 5
Cbc0038I Pass  20: suminf.    0.07251 (1) obj. 90232.4 iterations 1
Cbc0038I Pass  21: suminf.    1.73750 (11) obj. 90232.4 iterations 44
Cbc0038I Pass  22: suminf.    0.94736 (4) obj. 90232.4 iterations 7
Cbc0038I Pass  23: suminf.    0.50246 (2) obj. 90232.4 iterations 21
Cbc0038I Pass  24: suminf.    0.62530 (2) obj. 90232.4 iterations 4
Cbc0038I Pass  25: suminf.    0.33162 (1) obj. 90232.4 iterations 1
Cbc0038I Pass  26: suminf.    1.97622 (8) obj. 90232.4 iterations 30
Cbc0038I Pass  27: suminf.    1.22894 (4) obj. 90232.4 iterations 6
Cbc0038I Pass  28: suminf.    1.10020 (3) obj. 90232.4 iterations 11
Cbc0038I Pass  29: suminf.    1.10020 (3) obj. 90232.4 iterations 1
Cbc0038I Pass  30: suminf.    0.93357 (3) obj. 90232.4 iterations 16
Cbc0038I No solution found this major pass
Cbc0038I Before mini branch and bound, 1 integers at bound fixed and 0 continuous
Cbc0038I Full problem 335 rows 136 columns, reduced to 319 rows 131 columns - too large
Cbc0038I Mini branch and bound did not improve solution (0.04 seconds)
Cbc0038I Full problem 336 rows 136 columns, reduced to 336 rows 136 columns - too large
Cbc0038I After 0.04 seconds - Feasibility pump exiting - took 0.02 seconds
Cbc0031I 17 added rows had average density of 45.235294
Cbc0013I At root node, 17 cuts changed objective from 85433.465 to 88443.656 in 100 passes
Cbc0014I Cut generator 0 (Probing) - 77 row cuts average 2.2 elements, 0 column cuts (0 active)  in 0.022 seconds - new frequency is -100
Cbc0014I Cut generator 1 (Gomory) - 847 row cuts average 57.1 elements, 0 column cuts (0 active)  in 0.020 seconds - new frequency is 1
Cbc0014I Cut generator 2 (Knapsack) - 11 row cuts average 3.2 elements, 0 column cuts (0 active)  in 0.037 seconds - new frequency is -100
Cbc0014I Cut generator 3 (Clique) - 0 row cuts average 0.0 elements, 0 column cuts (0 active)  in 0.001 seconds - new frequency is -100
Cbc0014I Cut generator 4 (MixedIntegerRounding2) - 652 row cuts average 9.2 elements, 0 column cuts (0 active)  in 0.023 seconds - new frequency is 1
Cbc0014I Cut generator 5 (FlowCover) - 0 row cuts average 0.0 elements, 0 column cuts (0 active)  in 0.010 seconds - new frequency is -100
Cbc0014I Cut generator 6 (TwoMirCuts) - 129 row cuts average 36.5 elements, 0 column cuts (0 active)  in 0.020 seconds - new frequency is 1
Cbc0010I After 0 nodes, 1 on tree, 1e+50 best solution, best possible 88443.656 (0.38 seconds)
Cbc0012I Integer solution of 90208.722 found by DiveCoefficient after 4824 iterations and 10 nodes (0.46 seconds)
Cbc0038I Full problem 335 rows 136 columns, reduced to 43 rows 27 columns
Cbc0016I Integer solution of 90087.474 found by strong branching after 4865 iterations and 11 nodes (0.46 seconds)
Cbc0016I Integer solution of 90058.851 found by strong branching after 5185 iterations and 17 nodes (0.49 seconds)
Cbc0016I Integer solution of 89966.226 found by strong branching after 5580 iterations and 25 nodes (0.52 seconds)
Cbc0001I Search completed - best objective 89966.22551849959, took 6444 iterations and 36 nodes (0.58 seconds)
Cbc0032I Strong branching done 284 times (5140 iterations), fathomed 11 nodes and fixed 16 variables
Cbc0035I Maximum depth 7, 41 variables fixed on reduced cost
Cuts at root node changed objective from 85433.5 to 88443.7
Probing was tried 100 times and created 77 cuts of which 0 were active after adding rounds of cuts (0.022 seconds)
Gomory was tried 180 times and created 914 cuts of which 0 were active after adding rounds of cuts (0.032 seconds)
Knapsack was tried 100 times and created 11 cuts of which 0 were active after adding rounds of cuts (0.037 seconds)
Clique was tried 100 times and created 0 cuts of which 0 were active after adding rounds of cuts (0.001 seconds)
MixedIntegerRounding2 was tried 180 times and created 860 cuts of which 0 were active after adding rounds of cuts (0.029 seconds)
FlowCover was tried 100 times and created 0 cuts of which 0 were active after adding rounds of cuts (0.010 seconds)
TwoMirCuts was tried 180 times and created 173 cuts of which 0 were active after adding rounds of cuts (0.040 seconds)
ZeroHalf was tried 1 times and created 0 cuts of which 0 were active after adding rounds of cuts (0.000 seconds)
ImplicationCuts was tried 91 times and created 12 cuts of which 0 were active after adding rounds of cuts (0.001 seconds)

Result - Optimal solution found

Objective value:                89966.22551850
Enumerated nodes:               36
Total iterations:               6444
Time (CPU seconds):             0.59
Time (Wallclock seconds):       0.59

Total time (CPU seconds):       0.61   (Wallclock seconds):       0.61


