Solver command line: ['d:\\anaconda\\envs\\dhnx_env\\Library\\bin\\cbc.exe', '-ratio', '0.0', '-seconds', '120.0', '-timeMode', 'elapsed', '-logLevel', '1', '-printingOptions', 'all', '-import', 'C:\\Users\\Minerva\\AppData\\Local\\Temp\\tmpuyo88fhm.pyomo.lp', '-stat=1', '-solve', '-solu', 'C:\\Users\\Minerva\\AppData\\Local\\Temp\\tmpuyo88fhm.pyomo.soln']

Welcome to the CBC MILP Solver 
Version: 2.10.13 
Build Date: May 12 2026 

command line - d:\anaconda\envs\dhnx_env\Library\bin\cbc.exe -ratio 0.0 -seconds 120.0 -timeMode elapsed -logLevel 1 -printingOptions all -import C:\Users\Minerva\AppData\Local\Temp\tmpuyo88fhm.pyomo.lp -stat=1 -solve -solu C:\Users\Minerva\AppData\Local\Temp\tmpuyo88fhm.pyomo.soln (default strategy 1)
ratioGap was changed from 0 to 0
seconds was changed from 1e+100 to 120
Option for timeMode changed from cpu to elapsed
Option for printingOptions changed from normal to all
Presolve 557 (-524) rows, 169 (-452) columns and 1705 (-992) elements
Statistics for presolved model
Original problem has 36 integers (36 of which binary)
Presolved problem has 36 integers (36 of which binary)
==== 132 zero objective 12 different
==== absolute objective values 12 different
==== for integers 0 zero objective 10 different
5 variables have objective of 159.701
5 variables have objective of 183.12
4 variables have objective of 798.506
4 variables have objective of 915.599
4 variables have objective of 1597.01
4 variables have objective of 1785.51
4 variables have objective of 1831.2
4 variables have objective of 2047.34
1 variables have objective of 3194.03
1 variables have objective of 3662.4
==== for integers absolute objective values 10 different
5 variables have objective of 159.701
5 variables have objective of 183.12
4 variables have objective of 798.506
4 variables have objective of 915.599
4 variables have objective of 1597.01
4 variables have objective of 1785.51
4 variables have objective of 1831.2
4 variables have objective of 2047.34
1 variables have objective of 3194.03
1 variables have objective of 3662.4
===== end objective counts


Problem has 557 rows, 169 columns (37 with objective) and 1705 elements
Column breakdown:
0 of type 0.0->inf, 28 of type 0.0->up, 1 of type lo->inf, 
0 of type lo->up, 104 of type free, 0 of type fixed, 
0 of type -inf->0.0, 0 of type -inf->up, 36 of type 0.0->1.0 
Row breakdown:
16 of type E 0.0, 0 of type E 1.0, 0 of type E -1.0, 
20 of type E other, 0 of type G 0.0, 2 of type G 1.0, 
0 of type G other, 456 of type L 0.0, 18 of type L 1.0, 
45 of type L other, 0 of type Range 0.0->1.0, 0 of type Range other, 
0 of type Free 
Continuous objective value is 83235.7 - 0.01 seconds
Cgl0003I 0 fixed, 0 tightened bounds, 220 strengthened rows, 1 substitutions
Cgl0003I 0 fixed, 0 tightened bounds, 28 strengthened rows, 0 substitutions
Cgl0003I 0 fixed, 0 tightened bounds, 2 strengthened rows, 0 substitutions
Cgl0004I processed model has 334 rows, 136 columns (28 integer (27 of which binary)) and 1094 elements
Cbc0038I Initial state - 11 integers unsatisfied sum - 2.17306
Cbc0038I Pass   1: suminf.    0.55282 (4) obj. 90232.4 iterations 21
Cbc0038I Pass   2: suminf.    0.43915 (1) obj. 90232.4 iterations 23
Cbc0038I Pass   3: suminf.    0.00000 (0) obj. 90232.4 iterations 6
Cbc0038I Solution found of 90232.4
Cbc0038I Relaxing continuous gives 88178.3
Cbc0038I Before mini branch and bound, 16 integers at bound fixed and 4 continuous
Cbc0038I Full problem 334 rows 136 columns, reduced to 158 rows 52 columns
Cbc0038I Mini branch and bound did not improve solution (0.03 seconds)
Cbc0038I Round again with cutoff of 87723
Cbc0038I Pass   4: suminf.    0.73467 (4) obj. 87723 iterations 1
Cbc0038I Pass   5: suminf.    0.22238 (1) obj. 87723 iterations 26
Cbc0038I Pass   6: suminf.    0.22238 (1) obj. 87723 iterations 0
Cbc0038I Pass   7: suminf.    0.38524 (1) obj. 86919.7 iterations 1
Cbc0038I Pass   8: suminf.    0.39566 (2) obj. 87723 iterations 16
Cbc0038I Pass   9: suminf.    0.38261 (2) obj. 87723 iterations 3
Cbc0038I Pass  10: suminf.    0.42041 (2) obj. 87723 iterations 1
Cbc0038I Pass  11: suminf.    1.50809 (6) obj. 87723 iterations 16
Cbc0038I Pass  12: suminf.    1.40357 (7) obj. 87723 iterations 3
Cbc0038I Pass  13: suminf.    1.03361 (3) obj. 87723 iterations 19
Cbc0038I Pass  14: suminf.    0.84855 (3) obj. 87723 iterations 5
Cbc0038I Pass  15: suminf.    1.25345 (4) obj. 87723 iterations 7
Cbc0038I Pass  16: suminf.    1.25345 (4) obj. 87723 iterations 0
Cbc0038I Pass  17: suminf.    0.83264 (4) obj. 87723 iterations 7
Cbc0038I Pass  18: suminf.    0.83264 (4) obj. 87723 iterations 0
Cbc0038I Pass  19: suminf.    0.78319 (3) obj. 87723 iterations 13
Cbc0038I Pass  20: suminf.    0.78319 (3) obj. 87723 iterations 0
Cbc0038I Pass  21: suminf.    0.58297 (2) obj. 87723 iterations 14
Cbc0038I Pass  22: suminf.    0.83774 (3) obj. 87723 iterations 6
Cbc0038I Pass  23: suminf.    0.69877 (2) obj. 87723 iterations 4
Cbc0038I Pass  24: suminf.    0.78319 (3) obj. 87723 iterations 4
Cbc0038I Pass  25: suminf.    0.78319 (3) obj. 87723 iterations 0
Cbc0038I Pass  26: suminf.    0.58297 (2) obj. 87723 iterations 10
Cbc0038I Pass  27: suminf.    0.83774 (3) obj. 87723 iterations 6
Cbc0038I Pass  28: suminf.    0.69877 (2) obj. 87723 iterations 4
Cbc0038I Pass  29: suminf.    0.78319 (3) obj. 87723 iterations 4
Cbc0038I Pass  30: suminf.    0.78319 (3) obj. 87723 iterations 0
Cbc0038I Pass  31: suminf.    0.58297 (2) obj. 87723 iterations 10
Cbc0038I Pass  32: suminf.    0.83774 (3) obj. 87723 iterations 6
Cbc0038I Pass  33: suminf.    0.69877 (2) obj. 87723 iterations 4
Cbc0038I No solution found this major pass
Cbc0038I Before mini branch and bound, 13 integers at bound fixed and 4 continuous
Cbc0038I Full problem 334 rows 136 columns, reduced to 192 rows 67 columns - 2 fixed gives 176, 65 - still too large
Cbc0038I Full problem 334 rows 136 columns, reduced to 176 rows 65 columns - too large
Cbc0038I Mini branch and bound did not improve solution (0.05 seconds)
Cbc0038I After 0.05 seconds - Feasibility pump exiting with objective of 88178.3 - took 0.03 seconds
Cbc0012I Integer solution of 88178.335 found by feasibility pump after 0 iterations and 0 nodes (0.05 seconds)
Cbc0038I Full problem 334 rows 136 columns, reduced to 158 rows 52 columns
Cbc0031I 13 added rows had average density of 44.769231
Cbc0013I At root node, 13 cuts changed objective from 83625.427 to 86963.237 in 100 passes
Cbc0014I Cut generator 0 (Probing) - 63 row cuts average 2.8 elements, 0 column cuts (0 active)  in 0.031 seconds - new frequency is -100
Cbc0014I Cut generator 1 (Gomory) - 588 row cuts average 70.7 elements, 0 column cuts (0 active)  in 0.023 seconds - new frequency is 1
Cbc0014I Cut generator 2 (Knapsack) - 18 row cuts average 3.8 elements, 0 column cuts (0 active)  in 0.053 seconds - new frequency is 1
Cbc0014I Cut generator 3 (Clique) - 0 row cuts average 0.0 elements, 0 column cuts (0 active)  in 0.003 seconds - new frequency is -100
Cbc0014I Cut generator 4 (MixedIntegerRounding2) - 740 row cuts average 9.6 elements, 0 column cuts (0 active)  in 0.022 seconds - new frequency is 1
Cbc0014I Cut generator 5 (FlowCover) - 0 row cuts average 0.0 elements, 0 column cuts (0 active)  in 0.007 seconds - new frequency is -100
Cbc0014I Cut generator 6 (TwoMirCuts) - 141 row cuts average 28.4 elements, 0 column cuts (0 active)  in 0.026 seconds - new frequency is 1
Cbc0010I After 0 nodes, 1 on tree, 88178.335 best solution, best possible 86963.237 (0.41 seconds)
Cbc0001I Search completed - best objective 88178.33521510425, took 5072 iterations and 16 nodes (0.62 seconds)
Cbc0032I Strong branching done 194 times (4604 iterations), fathomed 5 nodes and fixed 2 variables
Cbc0035I Maximum depth 3, 24 variables fixed on reduced cost
Cuts at root node changed objective from 83625.4 to 86963.2
Probing was tried 100 times and created 63 cuts of which 0 were active after adding rounds of cuts (0.031 seconds)
Gomory was tried 171 times and created 612 cuts of which 0 were active after adding rounds of cuts (0.033 seconds)
Knapsack was tried 171 times and created 26 cuts of which 0 were active after adding rounds of cuts (0.079 seconds)
Clique was tried 100 times and created 0 cuts of which 0 were active after adding rounds of cuts (0.003 seconds)
MixedIntegerRounding2 was tried 171 times and created 1248 cuts of which 0 were active after adding rounds of cuts (0.034 seconds)
FlowCover was tried 100 times and created 0 cuts of which 0 were active after adding rounds of cuts (0.007 seconds)
TwoMirCuts was tried 171 times and created 314 cuts of which 0 were active after adding rounds of cuts (0.036 seconds)
ZeroHalf was tried 1 times and created 0 cuts of which 0 were active after adding rounds of cuts (0.000 seconds)
ImplicationCuts was tried 71 times and created 8 cuts of which 0 were active after adding rounds of cuts (0.000 seconds)

Result - Optimal solution found

Objective value:                88178.33521510
Enumerated nodes:               16
Total iterations:               5072
Time (CPU seconds):             0.64
Time (Wallclock seconds):       0.64

Total time (CPU seconds):       0.66   (Wallclock seconds):       0.66


