Solver command line: ['d:\\anaconda\\envs\\dhnx_env\\Library\\bin\\cbc.exe', '-ratio', '0.0', '-seconds', '120.0', '-timeMode', 'elapsed', '-logLevel', '1', '-printingOptions', 'all', '-import', 'C:\\Users\\Minerva\\AppData\\Local\\Temp\\tmpwjaf627f.pyomo.lp', '-stat=1', '-solve', '-solu', 'C:\\Users\\Minerva\\AppData\\Local\\Temp\\tmpwjaf627f.pyomo.soln']

Welcome to the CBC MILP Solver 
Version: 2.10.13 
Build Date: May 12 2026 

command line - d:\anaconda\envs\dhnx_env\Library\bin\cbc.exe -ratio 0.0 -seconds 120.0 -timeMode elapsed -logLevel 1 -printingOptions all -import C:\Users\Minerva\AppData\Local\Temp\tmpwjaf627f.pyomo.lp -stat=1 -solve -solu C:\Users\Minerva\AppData\Local\Temp\tmpwjaf627f.pyomo.soln (default strategy 1)
ratioGap was changed from 0 to 0
seconds was changed from 1e+100 to 120
Option for timeMode changed from cpu to elapsed
Option for printingOptions changed from normal to all
Presolve 561 (-524) rows, 169 (-452) columns and 1853 (-992) elements
Statistics for presolved model
Original problem has 36 integers (36 of which binary)
Presolved problem has 36 integers (36 of which binary)
==== 132 zero objective 12 different
==== absolute objective values 12 different
==== for integers 0 zero objective 10 different
5 variables have objective of 159.701
5 variables have objective of 183.12
4 variables have objective of 798.506
4 variables have objective of 915.599
4 variables have objective of 1597.01
4 variables have objective of 1785.51
4 variables have objective of 1831.2
4 variables have objective of 2047.34
1 variables have objective of 3194.03
1 variables have objective of 3662.4
==== for integers absolute objective values 10 different
5 variables have objective of 159.701
5 variables have objective of 183.12
4 variables have objective of 798.506
4 variables have objective of 915.599
4 variables have objective of 1597.01
4 variables have objective of 1785.51
4 variables have objective of 1831.2
4 variables have objective of 2047.34
1 variables have objective of 3194.03
1 variables have objective of 3662.4
===== end objective counts


Problem has 561 rows, 169 columns (37 with objective) and 1853 elements
Column breakdown:
0 of type 0.0->inf, 28 of type 0.0->up, 1 of type lo->inf, 
0 of type lo->up, 104 of type free, 0 of type fixed, 
0 of type -inf->0.0, 0 of type -inf->up, 36 of type 0.0->1.0 
Row breakdown:
16 of type E 0.0, 0 of type E 1.0, 0 of type E -1.0, 
20 of type E other, 0 of type G 0.0, 2 of type G 1.0, 
0 of type G other, 456 of type L 0.0, 18 of type L 1.0, 
49 of type L other, 0 of type Range 0.0->1.0, 0 of type Range other, 
0 of type Free 
Continuous objective value is 85615.9 - 0.00 seconds
Cgl0003I 0 fixed, 0 tightened bounds, 220 strengthened rows, 1 substitutions
Cgl0003I 0 fixed, 0 tightened bounds, 28 strengthened rows, 0 substitutions
Cgl0003I 0 fixed, 0 tightened bounds, 2 strengthened rows, 0 substitutions
Cgl0004I processed model has 338 rows, 136 columns (28 integer (27 of which binary)) and 1206 elements
Cbc0038I Initial state - 10 integers unsatisfied sum - 2.56328
Cbc0038I Pass   1: suminf.    1.32504 (4) obj. 88616.6 iterations 28
Cbc0038I Pass   2: suminf.    0.48028 (1) obj. 90232.4 iterations 29
Cbc0038I Pass   3: suminf.    0.38269 (1) obj. 90232.4 iterations 7
Cbc0038I Pass   4: suminf.    0.14880 (3) obj. 90232.4 iterations 6
Cbc0038I Pass   5: suminf.    0.08135 (1) obj. 90232.4 iterations 7
Cbc0038I Pass   6: suminf.    0.12713 (1) obj. 90232.4 iterations 3
Cbc0038I Pass   7: suminf.    2.15454 (7) obj. 90232.4 iterations 25
Cbc0038I Pass   8: suminf.    2.14846 (6) obj. 90232.4 iterations 1
Cbc0038I Pass   9: suminf.    0.07251 (1) obj. 90232.4 iterations 28
Cbc0038I Pass  10: suminf.    0.05871 (1) obj. 90232.4 iterations 1
Cbc0038I Pass  11: suminf.    2.03394 (8) obj. 90232.4 iterations 51
Cbc0038I Pass  12: suminf.    0.97651 (5) obj. 90232.4 iterations 13
Cbc0038I Pass  13: suminf.    1.39372 (5) obj. 90232.4 iterations 18
Cbc0038I Pass  14: suminf.    1.39372 (5) obj. 90232.4 iterations 0
Cbc0038I Pass  15: suminf.    0.67251 (3) obj. 90232.4 iterations 20
Cbc0038I Pass  16: suminf.    0.62176 (2) obj. 90232.4 iterations 2
Cbc0038I Pass  17: suminf.    0.39750 (2) obj. 90232.4 iterations 2
Cbc0038I Pass  18: suminf.    0.62176 (2) obj. 90232.4 iterations 2
Cbc0038I Pass  19: suminf.    0.81425 (4) obj. 90232.4 iterations 38
Cbc0038I Pass  20: suminf.    0.49764 (2) obj. 90232.4 iterations 3
Cbc0038I Pass  21: suminf.    0.76616 (4) obj. 90232.4 iterations 6
Cbc0038I Pass  22: suminf.    0.76616 (4) obj. 90232.4 iterations 1
Cbc0038I Pass  23: suminf.    0.75532 (3) obj. 90232.4 iterations 27
Cbc0038I Pass  24: suminf.    0.80468 (4) obj. 90232.4 iterations 8
Cbc0038I Pass  25: suminf.    0.54593 (3) obj. 90232.4 iterations 5
Cbc0038I Pass  26: suminf.    0.37965 (3) obj. 90232.4 iterations 13
Cbc0038I Pass  27: suminf.    0.37494 (2) obj. 90232.4 iterations 2
Cbc0038I Pass  28: suminf.    0.98293 (3) obj. 90232.4 iterations 4
Cbc0038I Pass  29: suminf.    0.82098 (2) obj. 90232.4 iterations 32
Cbc0038I Pass  30: suminf.    0.82098 (2) obj. 90232.4 iterations 1
Cbc0038I No solution found this major pass
Cbc0038I Before mini branch and bound, 5 integers at bound fixed and 0 continuous
Cbc0038I Full problem 338 rows 136 columns, reduced to 286 rows 111 columns - too large
Cbc0038I Mini branch and bound did not improve solution (0.04 seconds)
Cbc0038I Full problem 339 rows 136 columns, reduced to 339 rows 136 columns - too large
Cbc0038I After 0.04 seconds - Feasibility pump exiting - took 0.02 seconds
Cbc0031I 13 added rows had average density of 45.230769
Cbc0013I At root node, 13 cuts changed objective from 85927.145 to 88904.377 in 100 passes
Cbc0014I Cut generator 0 (Probing) - 60 row cuts average 2.3 elements, 0 column cuts (0 active)  in 0.027 seconds - new frequency is -100
Cbc0014I Cut generator 1 (Gomory) - 756 row cuts average 51.2 elements, 0 column cuts (0 active)  in 0.028 seconds - new frequency is 1
Cbc0014I Cut generator 2 (Knapsack) - 14 row cuts average 2.4 elements, 0 column cuts (0 active)  in 0.044 seconds - new frequency is -100
Cbc0014I Cut generator 3 (Clique) - 0 row cuts average 0.0 elements, 0 column cuts (0 active)  in 0.000 seconds - new frequency is -100
Cbc0014I Cut generator 4 (MixedIntegerRounding2) - 626 row cuts average 10.4 elements, 0 column cuts (0 active)  in 0.022 seconds - new frequency is 1
Cbc0014I Cut generator 5 (FlowCover) - 0 row cuts average 0.0 elements, 0 column cuts (0 active)  in 0.011 seconds - new frequency is -100
Cbc0014I Cut generator 6 (TwoMirCuts) - 156 row cuts average 31.6 elements, 0 column cuts (0 active)  in 0.023 seconds - new frequency is 1
Cbc0010I After 0 nodes, 1 on tree, 1e+50 best solution, best possible 88904.377 (0.38 seconds)
Cbc0016I Integer solution of 90232.372 found by strong branching after 4657 iterations and 9 nodes (0.47 seconds)
Cbc0038I Full problem 338 rows 136 columns, reduced to 56 rows 25 columns
Cbc0001I Search completed - best objective 90232.37206026546, took 5412 iterations and 26 nodes (0.53 seconds)
Cbc0032I Strong branching done 242 times (4208 iterations), fathomed 5 nodes and fixed 13 variables
Cbc0035I Maximum depth 7, 22 variables fixed on reduced cost
Cuts at root node changed objective from 85927.1 to 88904.4
Probing was tried 100 times and created 60 cuts of which 0 were active after adding rounds of cuts (0.027 seconds)
Gomory was tried 153 times and created 769 cuts of which 0 were active after adding rounds of cuts (0.033 seconds)
Knapsack was tried 100 times and created 14 cuts of which 0 were active after adding rounds of cuts (0.044 seconds)
Clique was tried 100 times and created 0 cuts of which 0 were active after adding rounds of cuts (0.000 seconds)
MixedIntegerRounding2 was tried 153 times and created 761 cuts of which 0 were active after adding rounds of cuts (0.031 seconds)
FlowCover was tried 100 times and created 0 cuts of which 0 were active after adding rounds of cuts (0.011 seconds)
TwoMirCuts was tried 153 times and created 232 cuts of which 0 were active after adding rounds of cuts (0.029 seconds)
ZeroHalf was tried 1 times and created 0 cuts of which 0 were active after adding rounds of cuts (0.000 seconds)
ImplicationCuts was tried 57 times and created 5 cuts of which 0 were active after adding rounds of cuts (0.000 seconds)

Result - Optimal solution found

Objective value:                90232.37206027
Enumerated nodes:               26
Total iterations:               5412
Time (CPU seconds):             0.55
Time (Wallclock seconds):       0.55

Total time (CPU seconds):       0.57   (Wallclock seconds):       0.57


