Solver command line: ['d:\\anaconda\\envs\\dhnx_env\\Library\\bin\\cbc.exe', '-ratio', '0.0', '-seconds', '120.0', '-timeMode', 'elapsed', '-logLevel', '1', '-printingOptions', 'all', '-import', 'C:\\Users\\Minerva\\AppData\\Local\\Temp\\tmp113jn8e9.pyomo.lp', '-stat=1', '-solve', '-solu', 'C:\\Users\\Minerva\\AppData\\Local\\Temp\\tmp113jn8e9.pyomo.soln']

Welcome to the CBC MILP Solver 
Version: 2.10.13 
Build Date: May 12 2026 

command line - d:\anaconda\envs\dhnx_env\Library\bin\cbc.exe -ratio 0.0 -seconds 120.0 -timeMode elapsed -logLevel 1 -printingOptions all -import C:\Users\Minerva\AppData\Local\Temp\tmp113jn8e9.pyomo.lp -stat=1 -solve -solu C:\Users\Minerva\AppData\Local\Temp\tmp113jn8e9.pyomo.soln (default strategy 1)
ratioGap was changed from 0 to 0
seconds was changed from 1e+100 to 120
Option for timeMode changed from cpu to elapsed
Option for printingOptions changed from normal to all
Presolve 554 (-524) rows, 169 (-452) columns and 1594 (-992) elements
Statistics for presolved model
Original problem has 36 integers (36 of which binary)
Presolved problem has 36 integers (36 of which binary)
==== 132 zero objective 12 different
==== absolute objective values 12 different
==== for integers 0 zero objective 10 different
5 variables have objective of 159.701
5 variables have objective of 183.12
4 variables have objective of 798.506
4 variables have objective of 915.599
4 variables have objective of 1597.01
4 variables have objective of 1785.51
4 variables have objective of 1831.2
4 variables have objective of 2047.34
1 variables have objective of 3194.03
1 variables have objective of 3662.4
==== for integers absolute objective values 10 different
5 variables have objective of 159.701
5 variables have objective of 183.12
4 variables have objective of 798.506
4 variables have objective of 915.599
4 variables have objective of 1597.01
4 variables have objective of 1785.51
4 variables have objective of 1831.2
4 variables have objective of 2047.34
1 variables have objective of 3194.03
1 variables have objective of 3662.4
===== end objective counts


Problem has 554 rows, 169 columns (37 with objective) and 1594 elements
Column breakdown:
0 of type 0.0->inf, 28 of type 0.0->up, 1 of type lo->inf, 
0 of type lo->up, 104 of type free, 0 of type fixed, 
0 of type -inf->0.0, 0 of type -inf->up, 36 of type 0.0->1.0 
Row breakdown:
16 of type E 0.0, 0 of type E 1.0, 0 of type E -1.0, 
20 of type E other, 0 of type G 0.0, 2 of type G 1.0, 
0 of type G other, 456 of type L 0.0, 18 of type L 1.0, 
42 of type L other, 0 of type Range 0.0->1.0, 0 of type Range other, 
0 of type Free 
Continuous objective value is 81834.6 - 0.00 seconds
Cgl0003I 0 fixed, 0 tightened bounds, 220 strengthened rows, 1 substitutions
Cgl0003I 0 fixed, 0 tightened bounds, 28 strengthened rows, 0 substitutions
Cgl0003I 0 fixed, 0 tightened bounds, 1 strengthened rows, 0 substitutions
Cgl0004I processed model has 331 rows, 136 columns (28 integer (27 of which binary)) and 1010 elements
Cbc0038I Initial state - 10 integers unsatisfied sum - 1.8983
Cbc0038I Pass   1: suminf.    1.43782 (6) obj. 82908.2 iterations 6
Cbc0038I Pass   2: suminf.    0.95853 (3) obj. 84110.6 iterations 9
Cbc0038I Pass   3: suminf.    0.00000 (0) obj. 87262.7 iterations 8
Cbc0038I Solution found of 87262.7
Cbc0038I Relaxing continuous gives 87262.7
Cbc0038I Before mini branch and bound, 16 integers at bound fixed and 5 continuous
Cbc0038I Full problem 331 rows 136 columns, reduced to 152 rows 51 columns
Cbc0038I Mini branch and bound improved solution from 87262.7 to 85215.4 (0.03 seconds)
Cbc0038I Round again with cutoff of 84925.9
Cbc0038I Pass   4: suminf.    1.43782 (6) obj. 82908.2 iterations 0
Cbc0038I Pass   5: suminf.    0.95853 (3) obj. 84110.6 iterations 10
Cbc0038I Pass   6: suminf.    0.94056 (4) obj. 84925.9 iterations 13
Cbc0038I Pass   7: suminf.    0.94056 (4) obj. 84925.9 iterations 0
Cbc0038I Pass   8: suminf.    0.76217 (4) obj. 84744.8 iterations 6
Cbc0038I Pass   9: suminf.    0.65612 (2) obj. 84925.9 iterations 6
Cbc0038I Pass  10: suminf.    0.45910 (3) obj. 84925.9 iterations 6
Cbc0038I Pass  11: suminf.    1.09341 (3) obj. 84925.9 iterations 16
Cbc0038I Pass  12: suminf.    0.41140 (1) obj. 84925.9 iterations 11
Cbc0038I Pass  13: suminf.    0.38239 (1) obj. 84866.5 iterations 1
Cbc0038I Pass  14: suminf.    0.82016 (3) obj. 84925.9 iterations 9
Cbc0038I Pass  15: suminf.    0.82016 (3) obj. 84925.9 iterations 0
Cbc0038I Pass  16: suminf.    1.10159 (4) obj. 84925.9 iterations 9
Cbc0038I Pass  17: suminf.    0.82016 (3) obj. 84925.9 iterations 9
Cbc0038I Pass  18: suminf.    1.94111 (6) obj. 84925.9 iterations 8
Cbc0038I Pass  19: suminf.    1.94111 (6) obj. 84925.9 iterations 0
Cbc0038I Pass  20: suminf.    1.36128 (4) obj. 84925.9 iterations 16
Cbc0038I Pass  21: suminf.    1.36128 (4) obj. 84925.9 iterations 0
Cbc0038I Pass  22: suminf.    1.63631 (4) obj. 84925.9 iterations 3
Cbc0038I Pass  23: suminf.    1.01189 (4) obj. 84925.9 iterations 19
Cbc0038I Pass  24: suminf.    0.40210 (3) obj. 84925.9 iterations 5
Cbc0038I Pass  25: suminf.    1.23732 (4) obj. 84925.9 iterations 10
Cbc0038I Pass  26: suminf.    0.75139 (3) obj. 84925.9 iterations 6
Cbc0038I Pass  27: suminf.    1.27558 (4) obj. 84925.9 iterations 8
Cbc0038I Pass  28: suminf.    1.27558 (4) obj. 84925.9 iterations 0
Cbc0038I Pass  29: suminf.    0.68407 (3) obj. 84925.9 iterations 12
Cbc0038I Pass  30: suminf.    0.40210 (3) obj. 84925.9 iterations 7
Cbc0038I Pass  31: suminf.    0.40210 (3) obj. 84925.9 iterations 0
Cbc0038I Pass  32: suminf.    1.23732 (4) obj. 84925.9 iterations 10
Cbc0038I Pass  33: suminf.    0.75139 (3) obj. 84925.9 iterations 6
Cbc0038I No solution found this major pass
Cbc0038I Before mini branch and bound, 12 integers at bound fixed and 5 continuous
Cbc0038I Full problem 331 rows 136 columns, reduced to 201 rows 67 columns - 6 fixed gives 132, 56 - ok now
Cbc0038I Full problem 331 rows 136 columns, reduced to 80 rows 33 columns
Cbc0038I Mini branch and bound did not improve solution (0.05 seconds)
Cbc0038I After 0.05 seconds - Feasibility pump exiting with objective of 85215.4 - took 0.03 seconds
Cbc0012I Integer solution of 85215.395 found by feasibility pump after 0 iterations and 0 nodes (0.05 seconds)
Cbc0038I Full problem 331 rows 136 columns, reduced to 140 rows 47 columns
Cbc0031I 11 added rows had average density of 20.909091
Cbc0013I At root node, 11 cuts changed objective from 82320.802 to 84402.783 in 13 passes
Cbc0014I Cut generator 0 (Probing) - 2 row cuts average 2.0 elements, 0 column cuts (0 active)  in 0.002 seconds - new frequency is -100
Cbc0014I Cut generator 1 (Gomory) - 37 row cuts average 45.1 elements, 0 column cuts (0 active)  in 0.003 seconds - new frequency is 1
Cbc0014I Cut generator 2 (Knapsack) - 7 row cuts average 3.1 elements, 0 column cuts (0 active)  in 0.003 seconds - new frequency is 1
Cbc0014I Cut generator 3 (Clique) - 0 row cuts average 0.0 elements, 0 column cuts (0 active)  in 0.000 seconds - new frequency is -100
Cbc0014I Cut generator 4 (MixedIntegerRounding2) - 87 row cuts average 10.8 elements, 0 column cuts (0 active)  in 0.003 seconds - new frequency is 1
Cbc0014I Cut generator 5 (FlowCover) - 0 row cuts average 0.0 elements, 0 column cuts (0 active)  in 0.002 seconds - new frequency is -100
Cbc0014I Cut generator 6 (TwoMirCuts) - 56 row cuts average 38.2 elements, 0 column cuts (0 active)  in 0.004 seconds - new frequency is 1
Cbc0010I After 0 nodes, 1 on tree, 85215.395 best solution, best possible 84427.025 (0.10 seconds)
Cbc0001I Search completed - best objective 85215.39479282885, took 723 iterations and 8 nodes (0.15 seconds)
Cbc0032I Strong branching done 46 times (642 iterations), fathomed 3 nodes and fixed 1 variables
Cbc0035I Maximum depth 3, 8 variables fixed on reduced cost
Cuts at root node changed objective from 82320.8 to 84427
Probing was tried 13 times and created 2 cuts of which 0 were active after adding rounds of cuts (0.002 seconds)
Gomory was tried 29 times and created 39 cuts of which 0 were active after adding rounds of cuts (0.005 seconds)
Knapsack was tried 29 times and created 9 cuts of which 0 were active after adding rounds of cuts (0.007 seconds)
Clique was tried 13 times and created 0 cuts of which 0 were active after adding rounds of cuts (0.000 seconds)
MixedIntegerRounding2 was tried 29 times and created 145 cuts of which 0 were active after adding rounds of cuts (0.006 seconds)
FlowCover was tried 13 times and created 0 cuts of which 0 were active after adding rounds of cuts (0.002 seconds)
TwoMirCuts was tried 29 times and created 99 cuts of which 0 were active after adding rounds of cuts (0.011 seconds)
ZeroHalf was tried 1 times and created 0 cuts of which 0 were active after adding rounds of cuts (0.000 seconds)
ImplicationCuts was tried 16 times and created 5 cuts of which 0 were active after adding rounds of cuts (0.000 seconds)

Result - Optimal solution found

Objective value:                85215.39479283
Enumerated nodes:               8
Total iterations:               723
Time (CPU seconds):             0.17
Time (Wallclock seconds):       0.17

Total time (CPU seconds):       0.19   (Wallclock seconds):       0.19


